240.000000
0.000000
8.000000
18.000000
30.000000
1
130
419430
0
129
1677722
0.512500
5
3
2
"normal"
1
1
1
1
0
0
0
0
1
0
0
0
0
1
0
1
1
1
0
0
1
0
0
1
0
0
1
0
0
0
1
1
"reversed"
1
1
1
1
0
0
0
0
1
0
0
0
0
1
0
1
1
1
0
0
1
0
0
1
0
0
1
0
0
0
1
1