3675
100
0
3632233996
"This is a test"
0.100000
1.000000
4070946468
1405718634